// Jest Snapshot v1, https://goo.gl/fbAQLP

exports[`index/app should have mounted the app 1`] = `
<div>
  <div>
    root
  </div>
</div>
`;
